// Jest Snapshot v1, https://goo.gl/fbAQLP

exports[`Todo component should render without any issue The Todo Component should match the snapshot 1`] = `
<div
  className="row justify-content-between border rounded my-3 bg-white p-3"
>
  <h4
    className="col-md-9 "
  >
    Test Title
  </h4>
  <div
    className="col"
  >
    <input
      className="form-control"
      onChange={[Function]}
      type="checkbox"
    />
  </div>
</div>
`;
